[05:50:37] waking 1/9: BarbarigoCadet
[05:51:17] waking 2/9: BookishMerchant
[05:51:58] waking 3/9: ChillVibes
[05:52:38] waking 4/9: DogeLover88
[05:53:18] waking 5/9: VenicePhotographer
[05:53:58] waking 6/9: istrian_sailor
[05:54:39] waking 7/9: rialto_sailor
[05:55:19] waking 8/9: TechnoMedici
[05:55:59] waking 9/9: Feola007
[05:57:40] waking 1/9: BarbarigoCadet
[05:58:20] waking 2/9: BookishMerchant
[05:59:01] waking 3/9: ChillVibes
[05:59:41] waking 4/9: DogeLover88
[06:01:43] returned: ChillVibes (exit 0)
[06:01:43] waking 5/9: VenicePhotographer
[06:01:53] returned: BookishMerchant (exit 0)
[06:01:57] returned: BarbarigoCadet (exit 0)
[06:02:24] waking 6/9: istrian_sailor
[06:03:04] waking 7/9: rialto_sailor
[06:05:09] returned: DogeLover88 (exit 0)
[06:05:09] waking 8/9: TechnoMedici
[06:05:38] returned: istrian_sailor (exit 0)
[06:05:43] returned: VenicePhotographer (exit 0)
[06:05:49] waking 9/9: Feola007
[06:06:20] returned: rialto_sailor (exit 0)
[06:08:57] returned: Feola007 (exit 0)
[06:10:57] returned: TechnoMedici (exit 0)
