Traceback (most recent call last):
  File "C:\Users\reyno\le-conseil2\scripts\boucle_activation.py", line 2154, in <module>
    raise SystemExit(main())
                     ~~~~^^
  File "C:\Users\reyno\le-conseil2\scripts\boucle_activation.py", line 2140, in main
    etat, active = cycle(args, etat)
                   ~~~~~^^^^^^^^^^^^
  File "C:\Users\reyno\le-conseil2\scripts\boucle_activation.py", line 1979, in cycle
    cible, depense, rapport = appeler_acteur(
                              ~~~~~~~~~~~~~~^
        pid, tache, budget, horloge, noeuds, args.modele, args.effort,
        ^^^^^^^^^^^^^^^^^^^^^^^^^^^^^^^^^^^^^^^^^^^^^^^^^^^^^^^^^^^^^^
        args.minutes_appel, False, args.heartbeat, etat=etat)
        ^^^^^^^^^^^^^^^^^^^^^^^^^^^^^^^^^^^^^^^^^^^^^^^^^^^^^
  File "C:\Users\reyno\le-conseil2\scripts\boucle_activation.py", line 1771, in appeler_acteur
    rapport = normaliser_rapport_activation(
        rapport_brut, pid, tache, dossier, budget)
  File "C:\Users\reyno\le-conseil2\scripts\boucle_activation.py", line 1386, in normaliser_rapport_activation
    qui = str((reveil or {}).get("qui") or "")
              ^^^^^^^^^^^^^^^^^^
AttributeError: 'str' object has no attribute 'get'
