Traceback (most recent call last):
  File "C:\Users\reyno\le-conseil2\scripts\boucle_activation.py", line 1696, in <module>
    raise SystemExit(main())
                     ~~~~^^
  File "C:\Users\reyno\le-conseil2\scripts\boucle_activation.py", line 1682, in main
    etat, active = cycle(args, etat)
                   ~~~~~^^^^^^^^^^^^
  File "C:\Users\reyno\le-conseil2\scripts\boucle_activation.py", line 1532, in cycle
    cible, depense = appeler_acteur(
                     ~~~~~~~~~~~~~~^
        pid, tache, budget, horloge, noeuds, args.modele, args.effort,
        ^^^^^^^^^^^^^^^^^^^^^^^^^^^^^^^^^^^^^^^^^^^^^^^^^^^^^^^^^^^^^^
        args.minutes_appel, False, args.heartbeat)
        ^^^^^^^^^^^^^^^^^^^^^^^^^^^^^^^^^^^^^^^^^^
  File "C:\Users\reyno\le-conseil2\scripts\boucle_activation.py", line 1351, in appeler_acteur
    rapport = normaliser_rapport_activation(
        rapport_brut, pid, tache, dossier, budget)
  File "C:\Users\reyno\le-conseil2\scripts\boucle_activation.py", line 1057, in normaliser_rapport_activation
    raise RuntimeError("activite %d : source de resultat non touchee"
                       % ordre)
RuntimeError: activite 1 : source de resultat non touchee
