Traceback (most recent call last):
  File "C:\Users\reyno\le-conseil2\scripts\agents\runtime.py", line 139, in _verrou
    msvcrt.locking(f.fileno(), msvcrt.LK_NBLCK, 1)
    ~~~~~~~~~~~~~~^^^^^^^^^^^^^^^^^^^^^^^^^^^^^^^^
PermissionError: [Errno 13] Permission denied

During handling of the above exception, another exception occurred:

Traceback (most recent call last):
  File "C:\Users\reyno\le-conseil2\scripts\agents\runtime_worker.py", line 44, in <module>
    raise SystemExit(main())
                     ~~~~^^
  File "C:\Users\reyno\le-conseil2\scripts\agents\runtime_worker.py", line 23, in main
    rep = runtime.appeler(**charge["appel"])
  File "C:\Users\reyno\le-conseil2\scripts\agents\runtime.py", line 456, in appeler
    with _verrou("session:" + str(session_id), timeout=max(timeout + 30, 60)):
         ~~~~~~~^^^^^^^^^^^^^^^^^^^^^^^^^^^^^^^^^^^^^^^^^^^^^^^^^^^^^^^^^^^^^
  File "C:\Users\reyno\AppData\Local\Programs\Python\Python313\Lib\contextlib.py", line 141, in __enter__
    return next(self.gen)
  File "C:\Users\reyno\le-conseil2\scripts\agents\runtime.py", line 146, in _verrou
    raise TimeoutError("session occupee : %s" % nom)
TimeoutError: session occupee : session:e967d972-d7fa-5429-adbf-f01aaa15253a
