Traceback (most recent call last):
  File "C:\Users\reyno\le-conseil2\scripts\agents\runtime.py", line 140, in _verrou
    msvcrt.locking(f.fileno(), msvcrt.LK_NBLCK, 1)
    ~~~~~~~~~~~~~~^^^^^^^^^^^^^^^^^^^^^^^^^^^^^^^^
PermissionError: [Errno 13] Permission denied

During handling of the above exception, another exception occurred:

Traceback (most recent call last):
  File "C:\Users\reyno\le-conseil2\scripts\agents\runtime_worker.py", line 44, in <module>
    raise SystemExit(main())
                     ~~~~^^
  File "C:\Users\reyno\le-conseil2\scripts\agents\runtime_worker.py", line 23, in main
    rep = runtime.appeler(**charge["appel"])
  File "C:\Users\reyno\le-conseil2\scripts\agents\runtime.py", line 601, in appeler
    # l'etat serialisent ce qui devient vrai.
         ^^^^^^^^^^^^^^^^^^^^^^^^^^^^^^^^^^^^
    with _activite(role, session_id):
    ^^^^^^^^^^^^^^^^^^^^^^^^^^^^^^^^^
  File "C:\Users\reyno\AppData\Local\Programs\Python\Python313\Lib\contextlib.py", line 141, in __enter__
    return next(self.gen)
  File "C:\Users\reyno\le-conseil2\scripts\agents\runtime.py", line 147, in _verrou
    raise TimeoutError("session occupee : %s" % nom)
TimeoutError: session occupee : session:77e0bb67-c13b-5835-be3f-a280c8f200d0
