Traceback (most recent call last):
  File "C:\Users\reyno\le-conseil2\scripts\agents\runtime_worker.py", line 46, in <module>
    raise SystemExit(main())
                     ~~~~^^
  File "C:\Users\reyno\le-conseil2\scripts\agents\runtime_worker.py", line 23, in main
    rep = runtime.appeler(**charge["appel"])
  File "C:\Users\reyno\le-conseil2\scripts\agents\runtime.py", line 655, in appeler
    resultat = _appel_claude(
        manuel, message, session_id, modele, effort, timeout, cwd,
        add_dirs, tools, settings, reprendre, environnement,
        on_event, on_stderr, heartbeat, on_heartbeat)
  File "C:\Users\reyno\le-conseil2\scripts\agents\runtime.py", line 513, in _appel_claude
    r = subprocess.run(commande, cwd=cwd, env=env,
                       input=message.encode("utf-8"),
                       capture_output=True, timeout=timeout,
                       **_creation_sans_fenetre())
  File "C:\Users\reyno\AppData\Local\Programs\Python\Python313\Lib\subprocess.py", line 554, in run
    with Popen(*popenargs, **kwargs) as process:
         ~~~~~^^^^^^^^^^^^^^^^^^^^^^
  File "C:\Users\reyno\AppData\Local\Programs\Python\Python313\Lib\subprocess.py", line 1039, in __init__
    self._execute_child(args, executable, preexec_fn, close_fds,
    ~~~~~~~~~~~~~~~~~~~^^^^^^^^^^^^^^^^^^^^^^^^^^^^^^^^^^^^^^^^^
                        pass_fds, cwd, env,
                        ^^^^^^^^^^^^^^^^^^^
    ...<5 lines>...
                        gid, gids, uid, umask,
                        ^^^^^^^^^^^^^^^^^^^^^^
                        start_new_session, process_group)
                        ^^^^^^^^^^^^^^^^^^^^^^^^^^^^^^^^^
  File "C:\Users\reyno\AppData\Local\Programs\Python\Python313\Lib\subprocess.py", line 1554, in _execute_child
    hp, ht, pid, tid = _winapi.CreateProcess(executable, args,
                       ~~~~~~~~~~~~~~~~~~~~~^^^^^^^^^^^^^^^^^^
                             # no special security
                             ^^^^^^^^^^^^^^^^^^^^^
    ...<4 lines>...
                             cwd,
                             ^^^^
                             startupinfo)
                             ^^^^^^^^^^^^
OSError: [WinError 1455] The paging file is too small for this operation to complete
