J'ai fini. Voici ce que je pose au registre.

```json
{
  "cahier2": [
    {"livre": "affaire-commandement-chaine-ordres", "table": "🔒 Verrous", "ligne": "40006", "colonne": "🏷️ Le verrou",
     "valeur": "🏞️ Une force est déjà levée au Conflans, et elle n'a ni office ni sceau"},
    {"livre": "affaire-commandement-chaine-ordres", "table": "🔒 Verrous", "ligne": "40006", "colonne": "⛔ Bloque",
     "valeur": "40000"},
    {"livre": "affaire-commandement-chaine-ordres", "table": "🔒 Verrous", "ligne": "40006", "colonne": "📌 Ce qui est vrai aujourd'hui",
     "valeur": "Le 2e jour de cette lune, Blackwood, Vance, Piper et Mouton se sont déclarés à la sommation de Harrenhal — **au nom du prince Daemon, non au mien** ; Tully hésite à part. Ces maisons lèvent des hommes qui marcheront, et **aucune ligne du registre des offices ne dit qui les commande**, ni ce qu'il n'a pas le droit de faire. La ligne 14 écarte nommément le prince du commandement : c'est pourtant à son nom qu'ils ont juré. Mes quatre convocations, scellées de ma main seule et descendues à la roukerie le 5e, ne réparent pas cela — elles font porter mon nom sur ce qui est acquis, **elles ne nomment aucun chef**."},
    {"livre": "affaire-commandement-chaine-ordres", "table": "🔒 Verrous", "ligne": "40006", "colonne": "👁️ La preuve",
     "valeur": "Les quatre copies existent, scellées et datées du 5e, chez mestre Gerardys. Registre des offices : treize lignes, puis la 14e (l'ost et la marche, ser Steffon Darklyn, deux sceaux) — **aucune ne porte le Conflans**. Et le rouleau des vingt-deux lointains, relevé à ma roukerie le 23e de la 3e lune : un Blackwood, un Vance, un Piper, **et pas de Mouton** — trois plis ont un perchoir, le quatrième n'en a aucun et attend une quille."},
    {"livre": "affaire-commandement-chaine-ordres", "table": "🔒 Verrous", "ligne": "40006", "colonne": "🔓 Levé quand",
     "valeur": "Une ligne au registre des offices pour les forces du Conflans — un nom, ses bornes dictées par lui, deux sceaux — **et la couture (40014) écrite d'abord**, faute de quoi cette ligne contredirait la 14e le jour même où on l'ouvre."},

    {"livre": "affaire-commandement-chaine-ordres", "table": "🗝️ Clefs", "ligne": "40014", "colonne": "🏷️ La clef",
     "valeur": "🧵 La couture du sol et de la quille"},
    {"livre": "affaire-commandement-chaine-ordres", "table": "🗝️ Clefs", "ligne": "40014", "colonne": "🔓 Ouvre",
     "valeur": "40005 · 40006"},
    {"livre": "affaire-commandement-chaine-ordres", "table": "🗝️ Clefs", "ligne": "40014", "colonne": "💡 Le principe",
     "valeur": "Une phrase, et elle partage **par le moment, jamais par le rang** : *ce qui embarque, marche et entre dans les rues est à ser Steffon ; ce qui est déjà à terre avant qu'un homme embarque — places prises, maisons jurées, le Conflans — est au prince Daemon.* On ne raye pas la craie du 28e et on ne rouvre pas la ligne scellée du 26e : **on les coud, chacune sur son moment.** Toute force levée du côté du prince prend une ligne au registre à son nom, bornée comme les autres ; et le jour où un homme de ces maisons embarque, **il passe à l'autre main, sans discussion, à la coupée**."},
    {"livre": "affaire-commandement-chaine-ordres", "table": "🗝️ Clefs", "ligne": "40014", "colonne": "💰 Le prix",
     "valeur": "Il est à moi et je l'écris moi-même : **reconnaître par écrit, sous mon sceau, que le sol du Conflans est tenu au nom de mon époux avant de l'être au mien**, et que ma convocation du 5e vient après sa sommation du 2e. Je le paie une fois, en une phrase que je scelle, plutôt que douze fois, à chaque quai où deux hommes se réclameront de moi."},
    {"livre": "affaire-commandement-chaine-ordres", "table": "🗝️ Clefs", "ligne": "40014", "colonne": "🚪 Ce que cela ferme",
     "valeur": "Ferme la question *lequel des deux écrits vaut*, qui ne se tranche jamais en présence et se tranche toujours en faveur de celui qui tient une bête."},
    {"livre": "affaire-commandement-chaine-ordres", "table": "🗝️ Clefs", "ligne": "40014", "colonne": "👁️ La preuve attendue",
     "valeur": "Une phrase, signée des deux mains et scellée de la mienne, portée en toutes lettres **à la ligne 14 du registre des offices ET à la ligne neuve du Conflans, dans les mêmes mots** ; la craie du 28e datée et paraphée à côté de la couture, non effacée."},
    {"livre": "affaire-commandement-chaine-ordres", "table": "🗝️ Clefs", "ligne": "40014", "colonne": "⚖️ Décision",
     "valeur": "**prise — 5e jour de la 4e lune, an 129, de la main de la reine, seule.** Le Trident s'est déclaré à Harrenhal le 2e ; je l'ai su le 5e. Je ne reprends pas mon époux devant témoins et je ne défais pas la ligne 14. **Je couds.**"},

    {"livre": "affaire-commandement-chaine-ordres", "table": "⚔️ Actions", "ligne": "40033", "colonne": "🏷️ L'action",
     "valeur": "🧵 Faire signer la couture aux deux mains, et la porter aux deux lignes"},
    {"livre": "affaire-commandement-chaine-ordres", "table": "⚔️ Actions", "ligne": "40033", "colonne": "🗝️ Réalise",
     "valeur": "40014"},
    {"livre": "affaire-commandement-chaine-ordres", "table": "⚔️ Actions", "ligne": "40033", "colonne": "📝 Ce qu'on fait",
     "valeur": "**Dû ce jour, le 5e.** Une seule phrase, lue tout haut à la Table Peinte, signée du prince Daemon et de ser Steffon Darklyn **dans la même heure et sur le même feuillet** — pas deux feuillets, pas deux jours : deux jours sont exactement ce qui a fait le trou. Puis mestre Gerardys la recopie mot pour mot à la ligne 14 et à la ligne neuve du Conflans, et je scelle les deux. **Aucun des deux ne dicte les bornes de l'autre** : chacun dicte les siennes, sous la même phrase."},
    {"livre": "affaire-commandement-chaine-ordres", "table": "⚔️ Actions", "ligne": "40033", "colonne": "📍 Où",
     "valeur": "Peyredragon, Chambre de la Table Peinte, puis le registre des offices"},
    {"livre": "affaire-commandement-chaine-ordres", "table": "⚔️ Actions", "ligne": "40033", "colonne": "🪶 Office",
     "valeur": "La reine en propre (hors registre), avec mestre Gerardys pour la main"},
    {"livre": "affaire-commandement-chaine-ordres", "table": "⚔️ Actions", "ligne": "40033", "colonne": "🧰 Moyens",
     "valeur": "M12"},
    {"livre": "affaire-commandement-chaine-ordres", "table": "⚔️ Actions", "ligne": "40033", "colonne": "💰 Ce qu'elle coûte",
     "valeur": "**Une heure de la reine, une heure du mestre, deux signatures et mon sceau.** Rien en or — le prix véritable est écrit en 40014, et il est à moi · autorité · une fois · engagé le 5e"},
    {"livre": "affaire-commandement-chaine-ordres", "table": "⚔️ Actions", "ligne": "40033", "colonne": "⛓️ Dépend de",
     "valeur": "—"},
    {"livre": "affaire-commandement-chaine-ordres", "table": "⚔️ Actions", "ligne": "40033", "colonne": "👁️ La preuve",
     "valeur": "Le feuillet à deux signatures et un sceau, daté **et heuré** ; les mêmes mots aux deux lignes du registre, relus tout haut par un tiers pour vérifier que ce sont les mêmes."},
    {"livre": "affaire-commandement-chaine-ordres", "table": "⚔️ Actions", "ligne": "40033", "colonne": "⏳ État",
     "valeur": "à faire"},
    {"livre": "affaire-commandement-chaine-ordres", "table": "⚔️ Actions", "ligne": "40033", "colonne": "📅 Jour dû",
     "valeur": "5e"},

    {"livre": "affaire-commandement-chaine-ordres", "table": "⚔️ Actions", "ligne": "40034", "colonne": "🏷️ L'action",
     "valeur": "🌊 Mettre *celui qui est sur l'eau tranche* dans la main des patrons, et ouvrir le registre des croisements"},
    {"livre": "affaire-commandement-chaine-ordres", "table": "⚔️ Actions", "ligne": "40034", "colonne": "🗝️ Réalise",
     "valeur": "40013"},
    {"livre": "affaire-commandement-chaine-ordres", "table": "⚔️ Actions", "ligne": "40034", "colonne": "📝 Ce qu'on fait",
     "valeur": "**Dû J−15.** La clef est posée depuis le 1er de cette lune et rien ne la fait : elle dort dans un cahier au lieu d'être dans la main d'un patron de coque. Trois gestes, pas un de plus. **Un** — la phrase entre dans la colonne *ce dont il répond* de la ligne de la mer (lord Corlys) et de celle du quai (Aldon Hask), dans les mêmes mots, avec l'exception du castellan déjà écrite en 40024. **Deux** — un feuillet d'une page à chaque patron : *sur un croisement d'ordres, tu tranches à l'instant, puis tu l'écris.* **Trois** — mestre Gerardys ouvre un **registre des croisements** : une ligne par cas — qui a tranché, à quelle heure, sur quelle eau, deux mains si possible — et il se relit au retour, jamais avant."},
    {"livre": "affaire-commandement-chaine-ordres", "table": "⚔️ Actions", "ligne": "40034", "colonne": "📍 Où",
     "valeur": "Peyredragon, auprès de lord Corlys et de maître Aldon Hask ; puis à chaque coque au mouillage"},
    {"livre": "affaire-commandement-chaine-ordres", "table": "⚔️ Actions", "ligne": "40034", "colonne": "🪶 Office",
     "valeur": "O13 — la mer (lord Corlys), avec le quai (Aldon Hask) ; la reine scelle"},
    {"livre": "affaire-commandement-chaine-ordres", "table": "⚔️ Actions", "ligne": "40034", "colonne": "🧰 Moyens",
     "valeur": "M12"},
    {"livre": "affaire-commandement-chaine-ordres", "table": "⚔️ Actions", "ligne": "40034", "colonne": "💰 Ce qu'elle coûte",
     "valeur": "**½ homme-jour** pour les deux charges, plus une copie par coque au mouillage · hommes · une fois, puis une ligne par croisement · engagé J−15. Et le prix déjà accepté le 1er, que je ne rediscute pas : **je ne suis plus le recours en mer.**"},
    {"livre": "affaire-commandement-chaine-ordres", "table": "⚔️ Actions", "ligne": "40034", "colonne": "⛓️ Dépend de",
     "valeur": "40022"},
    {"livre": "affaire-commandement-chaine-ordres", "table": "⚔️ Actions", "ligne": "40034", "colonne": "👁️ La preuve",
     "valeur": "La phrase aux deux lignes du registre des offices ; un feuillet accusé par chaque patron ; et le registre des croisements ouvert, **fût-il vide** — un registre vide se voit à la relecture de lune, un manque ne se voit pas."},
    {"livre": "affaire-commandement-chaine-ordres", "table": "⚔️ Actions", "ligne": "40034", "colonne": "⏳ État",
     "valeur": "à faire"},
    {"livre": "affaire-commandement-chaine-ordres", "table": "⚔️ Actions", "ligne": "40034", "colonne": "📅 Jour dû",
     "valeur": "J−15"},

    {"livre": "affaire-commandement-chaine-ordres", "table": "⚔️ Actions", "ligne": "40026", "colonne": "⛓️ Dépend de",
     "valeur": "40025"},
    {"livre": "affaire-commandement-chaine-ordres", "table": "⚔️ Actions", "ligne": "40026", "colonne": "📝 Note",
     "valeur": "tranchée, écrite dans un cahier sur deux — **5e : dépendance à 25030 coupée de la main de la reine.** Elle était due J−13 et 25030 J−12 : dans cet ordre la chaîne ne pouvait pas se tenir. La phrase ne se négocie pas avec l'ordre d'entrée, **elle s'y copie** — elle est déposée ici mot pour mot, et 25030 la recopiera quand il s'écrira. Reste dû, et je ne me le cache pas : l'accord écrit de celui qui devra obéir trente-cinq minutes à un sergent — **et l'homme de l'arche n'a toujours pas de nom.**"}
  ]
}
```

---

**Ce que ma journée a fermé.** Le plan m'a servi ce matin le trou que je faisais semblant de ne pas voir : [la craie et le sceau](40005) n'avait aucune clef, et ce n'est pas ser Steffon qui a fait ce trou — c'est moi, en donnant à la craie du 28e ce que ma propre ligne scellée du 26e refusait à mon époux. J'ai écrit [la couture](40014) et je l'ai décidée seule : on partage par le moment, jamais par le rang. Ce qui embarque est à l'un, ce qui est déjà à terre est à l'autre, et à la coupée on change de main. Elle ouvre du même coup le verrou que j'ai ouvert aujourd'hui — quatre maisons du Conflans jurées le 2e à une sommation qui n'est pas partie de ce rocher, et pas une ligne d'office pour dire qui les commande. J'ai réveillé aussi la clef de l'eau, qui dormait depuis le 1er faute de porteur, et j'ai coupé la dépendance absurde qui faisait attendre la porte après l'ordre d'entrée.

Ce que ça m'a coûté est écrit dans la colonne du prix, et il n'ira pas plus loin que cette page.

**Ce qui vient maintenant, et rien d'autre :** les deux signatures, **aujourd'hui, dans la même heure, sur le même feuillet**. Le prince est dans cette salle, ser Steffon tient encore la porte de mes fils : je les fais venir tous les deux à la Table Peinte avant que l'un des deux sorte, Gerardys entre eux avec l'encre. Deux jours entre deux écritures ont fait ce trou — je ne leur donnerai pas deux heures.
